Archive member included to satisfy reference by file (symbol)

c:/st/stm32cubeide_1.4.0/stm32cubeide/plugins/com.st.stm32cube.ide.mcu.externaltools.gnu-tools-for-stm32.7-2018-q2-update.win32_1.4.0.202007081208/tools/bin/../lib/gcc/arm-none-eabi/7.3.1/../../../../arm-none-eabi/lib/thumb/v7e-m/fpv4-sp/hard\libc_nano.a(lib_a-errno.o)
                              Core/Src/syscalls.o (__errno)
c:/st/stm32cubeide_1.4.0/stm32cubeide/plugins/com.st.stm32cube.ide.mcu.externaltools.gnu-tools-for-stm32.7-2018-q2-update.win32_1.4.0.202007081208/tools/bin/../lib/gcc/arm-none-eabi/7.3.1/../../../../arm-none-eabi/lib/thumb/v7e-m/fpv4-sp/hard\libc_nano.a(lib_a-exit.o)
                              c:/st/stm32cubeide_1.4.0/stm32cubeide/plugins/com.st.stm32cube.ide.mcu.externaltools.gnu-tools-for-stm32.7-2018-q2-update.win32_1.4.0.202007081208/tools/bin/../lib/gcc/arm-none-eabi/7.3.1/../../../../arm-none-eabi/lib/thumb/v7e-m/fpv4-sp/hard/crt0.o (exit)
c:/st/stm32cubeide_1.4.0/stm32cubeide/plugins/com.st.stm32cube.ide.mcu.externaltools.gnu-tools-for-stm32.7-2018-q2-update.win32_1.4.0.202007081208/tools/bin/../lib/gcc/arm-none-eabi/7.3.1/../../../../arm-none-eabi/lib/thumb/v7e-m/fpv4-sp/hard\libc_nano.a(lib_a-impure.o)
                              c:/st/stm32cubeide_1.4.0/stm32cubeide/plugins/com.st.stm32cube.ide.mcu.externaltools.gnu-tools-for-stm32.7-2018-q2-update.win32_1.4.0.202007081208/tools/bin/../lib/gcc/arm-none-eabi/7.3.1/../../../../arm-none-eabi/lib/thumb/v7e-m/fpv4-sp/hard\libc_nano.a(lib_a-exit.o) (_global_impure_ptr)
c:/st/stm32cubeide_1.4.0/stm32cubeide/plugins/com.st.stm32cube.ide.mcu.externaltools.gnu-tools-for-stm32.7-2018-q2-update.win32_1.4.0.202007081208/tools/bin/../lib/gcc/arm-none-eabi/7.3.1/../../../../arm-none-eabi/lib/thumb/v7e-m/fpv4-sp/hard\libc_nano.a(lib_a-init.o)
                              c:/st/stm32cubeide_1.4.0/stm32cubeide/plugins/com.st.stm32cube.ide.mcu.externaltools.gnu-tools-for-stm32.7-2018-q2-update.win32_1.4.0.202007081208/tools/bin/../lib/gcc/arm-none-eabi/7.3.1/../../../../arm-none-eabi/lib/thumb/v7e-m/fpv4-sp/hard/crt0.o (__libc_init_array)
c:/st/stm32cubeide_1.4.0/stm32cubeide/plugins/com.st.stm32cube.ide.mcu.externaltools.gnu-tools-for-stm32.7-2018-q2-update.win32_1.4.0.202007081208/tools/bin/../lib/gcc/arm-none-eabi/7.3.1/../../../../arm-none-eabi/lib/thumb/v7e-m/fpv4-sp/hard\libc_nano.a(lib_a-memset.o)
                              c:/st/stm32cubeide_1.4.0/stm32cubeide/plugins/com.st.stm32cube.ide.mcu.externaltools.gnu-tools-for-stm32.7-2018-q2-update.win32_1.4.0.202007081208/tools/bin/../lib/gcc/arm-none-eabi/7.3.1/../../../../arm-none-eabi/lib/thumb/v7e-m/fpv4-sp/hard/crt0.o (memset)

Allocating common symbols
Common symbol       size              file

expe                0x2               Core/Src/main.o
ticks               0x4               Core/Src/main.o

Discarded input sections

 .text          0x0000000000000000        0x0 c:/st/stm32cubeide_1.4.0/stm32cubeide/plugins/com.st.stm32cube.ide.mcu.externaltools.gnu-tools-for-stm32.7-2018-q2-update.win32_1.4.0.202007081208/tools/bin/../lib/gcc/arm-none-eabi/7.3.1/thumb/v7e-m/fpv4-sp/hard/crti.o
 .data          0x0000000000000000        0x0 c:/st/stm32cubeide_1.4.0/stm32cubeide/plugins/com.st.stm32cube.ide.mcu.externaltools.gnu-tools-for-stm32.7-2018-q2-update.win32_1.4.0.202007081208/tools/bin/../lib/gcc/arm-none-eabi/7.3.1/thumb/v7e-m/fpv4-sp/hard/crti.o
 .bss           0x0000000000000000        0x0 c:/st/stm32cubeide_1.4.0/stm32cubeide/plugins/com.st.stm32cube.ide.mcu.externaltools.gnu-tools-for-stm32.7-2018-q2-update.win32_1.4.0.202007081208/tools/bin/../lib/gcc/arm-none-eabi/7.3.1/thumb/v7e-m/fpv4-sp/hard/crti.o
 .data          0x0000000000000000        0x4 c:/st/stm32cubeide_1.4.0/stm32cubeide/plugins/com.st.stm32cube.ide.mcu.externaltools.gnu-tools-for-stm32.7-2018-q2-update.win32_1.4.0.202007081208/tools/bin/../lib/gcc/arm-none-eabi/7.3.1/thumb/v7e-m/fpv4-sp/hard/crtbegin.o
 .text          0x0000000000000000       0x74 c:/st/stm32cubeide_1.4.0/stm32cubeide/plugins/com.st.stm32cube.ide.mcu.externaltools.gnu-tools-for-stm32.7-2018-q2-update.win32_1.4.0.202007081208/tools/bin/../lib/gcc/arm-none-eabi/7.3.1/../../../../arm-none-eabi/lib/thumb/v7e-m/fpv4-sp/hard/crt0.o
 .data          0x0000000000000000        0x0 c:/st/stm32cubeide_1.4.0/stm32cubeide/plugins/com.st.stm32cube.ide.mcu.externaltools.gnu-tools-for-stm32.7-2018-q2-update.win32_1.4.0.202007081208/tools/bin/../lib/gcc/arm-none-eabi/7.3.1/../../../../arm-none-eabi/lib/thumb/v7e-m/fpv4-sp/hard/crt0.o
 .bss           0x0000000000000000        0x0 c:/st/stm32cubeide_1.4.0/stm32cubeide/plugins/com.st.stm32cube.ide.mcu.externaltools.gnu-tools-for-stm32.7-2018-q2-update.win32_1.4.0.202007081208/tools/bin/../lib/gcc/arm-none-eabi/7.3.1/../../../../arm-none-eabi/lib/thumb/v7e-m/fpv4-sp/hard/crt0.o
[...]
Memory Configuration

Name             Origin             Length             Attributes
RAM              0x0000000020000000 0x0000000000018000 xrw
RAM2             0x0000000010000000 0x0000000000008000 xrw
FLASH            0x0000000008000000 0x0000000000100000 xr
*default*        0x0000000000000000 0xffffffffffffffff

Linker script and memory map

LOAD c:/st/stm32cubeide_1.4.0/stm32cubeide/plugins/com.st.stm32cube.ide.mcu.externaltools.gnu-tools-for-stm32.7-2018-q2-update.win32_1.4.0.202007081208/tools/bin/../lib/gcc/arm-none-eabi/7.3.1/thumb/v7e-m/fpv4-sp/hard/crti.o
LOAD c:/st/stm32cubeide_1.4.0/stm32cubeide/plugins/com.st.stm32cube.ide.mcu.externaltools.gnu-tools-for-stm32.7-2018-q2-update.win32_1.4.0.202007081208/tools/bin/../lib/gcc/arm-none-eabi/7.3.1/thumb/v7e-m/fpv4-sp/hard/crtbegin.o
LOAD c:/st/stm32cubeide_1.4.0/stm32cubeide/plugins/com.st.stm32cube.ide.mcu.externaltools.gnu-tools-for-stm32.7-2018-q2-update.win32_1.4.0.202007081208/tools/bin/../lib/gcc/arm-none-eabi/7.3.1/../../../../arm-none-eabi/lib/thumb/v7e-m/fpv4-sp/hard/crt0.o
LOAD Core/Src/gpio.o
LOAD Core/Src/main.o
LOAD Core/Src/stm32l4xx_it.o
LOAD Core/Src/syscalls.o
LOAD Core/Src/sysmem.o
LOAD Core/Src/system_stm32l4xx.o
LOAD Core/Startup/startup_stm32l476rgtx.o
LOAD Drivers/STM32L4xx_HAL_Driver/Src/stm32l4xx_ll_dma.o
LOAD Drivers/STM32L4xx_HAL_Driver/Src/stm32l4xx_ll_exti.o
LOAD Drivers/STM32L4xx_HAL_Driver/Src/stm32l4xx_ll_gpio.o
LOAD Drivers/STM32L4xx_HAL_Driver/Src/stm32l4xx_ll_pwr.o
LOAD Drivers/STM32L4xx_HAL_Driver/Src/stm32l4xx_ll_rtc.o
LOAD Drivers/STM32L4xx_HAL_Driver/Src/stm32l4xx_ll_tim.o
LOAD Drivers/STM32L4xx_HAL_Driver/Src/stm32l4xx_ll_utils.o
START GROUP
LOAD c:/st/stm32cubeide_1.4.0/stm32cubeide/plugins/com.st.stm32cube.ide.mcu.externaltools.gnu-tools-for-stm32.7-2018-q2-update.win32_1.4.0.202007081208/tools/bin/../lib/gcc/arm-none-eabi/7.3.1/../../../../arm-none-eabi/lib/thumb/v7e-m/fpv4-sp/hard\libc_nano.a
LOAD c:/st/stm32cubeide_1.4.0/stm32cubeide/plugins/com.st.stm32cube.ide.mcu.externaltools.gnu-tools-for-stm32.7-2018-q2-update.win32_1.4.0.202007081208/tools/bin/../lib/gcc/arm-none-eabi/7.3.1/../../../../arm-none-eabi/lib/thumb/v7e-m/fpv4-sp/hard\libm.a
END GROUP
START GROUP
LOAD c:/st/stm32cubeide_1.4.0/stm32cubeide/plugins/com.st.stm32cube.ide.mcu.externaltools.gnu-tools-for-stm32.7-2018-q2-update.win32_1.4.0.202007081208/tools/bin/../lib/gcc/arm-none-eabi/7.3.1/thumb/v7e-m/fpv4-sp/hard\libgcc.a
LOAD c:/st/stm32cubeide_1.4.0/stm32cubeide/plugins/com.st.stm32cube.ide.mcu.externaltools.gnu-tools-for-stm32.7-2018-q2-update.win32_1.4.0.202007081208/tools/bin/../lib/gcc/arm-none-eabi/7.3.1/../../../../arm-none-eabi/lib/thumb/v7e-m/fpv4-sp/hard\libc_nano.a
END GROUP
START GROUP
LOAD c:/st/stm32cubeide_1.4.0/stm32cubeide/plugins/com.st.stm32cube.ide.mcu.externaltools.gnu-tools-for-stm32.7-2018-q2-update.win32_1.4.0.202007081208/tools/bin/../lib/gcc/arm-none-eabi/7.3.1/thumb/v7e-m/fpv4-sp/hard\libgcc.a
LOAD c:/st/stm32cubeide_1.4.0/stm32cubeide/plugins/com.st.stm32cube.ide.mcu.externaltools.gnu-tools-for-stm32.7-2018-q2-update.win32_1.4.0.202007081208/tools/bin/../lib/gcc/arm-none-eabi/7.3.1/../../../../arm-none-eabi/lib/thumb/v7e-m/fpv4-sp/hard\libc_nano.a
LOAD c:/st/stm32cubeide_1.4.0/stm32cubeide/plugins/com.st.stm32cube.ide.mcu.externaltools.gnu-tools-for-stm32.7-2018-q2-update.win32_1.4.0.202007081208/tools/bin/../lib/gcc/arm-none-eabi/7.3.1/../../../../arm-none-eabi/lib/thumb/v7e-m/fpv4-sp/hard\libnosys.a
END GROUP
START GROUP
LOAD c:/st/stm32cubeide_1.4.0/stm32cubeide/plugins/com.st.stm32cube.ide.mcu.externaltools.gnu-tools-for-stm32.7-2018-q2-update.win32_1.4.0.202007081208/tools/bin/../lib/gcc/arm-none-eabi/7.3.1/thumb/v7e-m/fpv4-sp/hard\libgcc.a
LOAD c:/st/stm32cubeide_1.4.0/stm32cubeide/plugins/com.st.stm32cube.ide.mcu.externaltools.gnu-tools-for-stm32.7-2018-q2-update.win32_1.4.0.202007081208/tools/bin/../lib/gcc/arm-none-eabi/7.3.1/../../../../arm-none-eabi/lib/thumb/v7e-m/fpv4-sp/hard\libc_nano.a
LOAD c:/st/stm32cubeide_1.4.0/stm32cubeide/plugins/com.st.stm32cube.ide.mcu.externaltools.gnu-tools-for-stm32.7-2018-q2-update.win32_1.4.0.202007081208/tools/bin/../lib/gcc/arm-none-eabi/7.3.1/../../../../arm-none-eabi/lib/thumb/v7e-m/fpv4-sp/hard\libnosys.a
END GROUP
LOAD c:/st/stm32cubeide_1.4.0/stm32cubeide/plugins/com.st.stm32cube.ide.mcu.externaltools.gnu-tools-for-stm32.7-2018-q2-update.win32_1.4.0.202007081208/tools/bin/../lib/gcc/arm-none-eabi/7.3.1/thumb/v7e-m/fpv4-sp/hard/crtend.o
LOAD c:/st/stm32cubeide_1.4.0/stm32cubeide/plugins/com.st.stm32cube.ide.mcu.externaltools.gnu-tools-for-stm32.7-2018-q2-update.win32_1.4.0.202007081208/tools/bin/../lib/gcc/arm-none-eabi/7.3.1/thumb/v7e-m/fpv4-sp/hard/crtn.o
                0x0000000020018000                _estack = (ORIGIN (RAM) + LENGTH (RAM))
                0x0000000000000200                _Min_Heap_Size = 0x200
                0x0000000000000400                _Min_Stack_Size = 0x400

.isr_vector     0x0000000008000000      0x188
                0x0000000008000000                . = ALIGN (0x4)
 *(.isr_vector)
 .isr_vector    0x0000000008000000      0x188 Core/Startup/startup_stm32l476rgtx.o
                0x0000000008000000                g_pfnVectors
                0x0000000008000188                . = ALIGN (0x4)

.text           0x0000000008000188     0x25d4
                0x0000000008000188                . = ALIGN (0x4)
 *(.text)
 .text          0x0000000008000188       0x40 c:/st/stm32cubeide_1.4.0/stm32cubeide/plugins/com.st.stm32cube.ide.mcu.externaltools.gnu-tools-for-stm32.7-2018-q2-update.win32_1.4.0.202007081208/tools/bin/../lib/gcc/arm-none-eabi/7.3.1/thumb/v7e-m/fpv4-sp/hard/crtbegin.o
 *(.text*)
 .text.LL_AHB2_GRP1_EnableClock
                0x00000000080001c8       0x30 Core/Src/gpio.o
 .text.LL_GPIO_SetPinMode
                0x00000000080001f8       0x7a Core/Src/gpio.o
 .text.LL_GPIO_SetPinOutputType
                0x0000000008000272       0x30 Core/Src/gpio.o
 .text.LL_GPIO_IsInputPinSet
                0x00000000080002a2       0x2a Core/Src/gpio.o
 .text.LL_GPIO_SetOutputPin
                0x00000000080002cc       0x1c Core/Src/gpio.o
 .text.LL_GPIO_ResetOutputPin
                0x00000000080002e8       0x1c Core/Src/gpio.o
 .text.GPIO_init
                0x0000000008000304       0x3c Core/Src/gpio.o
                0x0000000008000304                GPIO_init
 .text.LED_GREEN
                0x0000000008000340       0x2c Core/Src/gpio.o
                0x0000000008000340                LED_GREEN
 .text.BLUE_BUTTON
                0x000000000800036c       0x24 Core/Src/gpio.o
                0x000000000800036c                BLUE_BUTTON
 .text.__NVIC_SetPriorityGrouping
                0x0000000008000390       0x48 Core/Src/main.o
 .text.__NVIC_GetPriorityGrouping
                0x00000000080003d8       0x1c Core/Src/main.o
 .text.__NVIC_EnableIRQ
                0x00000000080003f4       0x3c Core/Src/main.o
 .text.__NVIC_SetPriority
                0x0000000008000430       0x54 Core/Src/main.o
 .text.NVIC_EncodePriority
                0x0000000008000484       0x66 Core/Src/main.o
 *fill*         0x00000000080004ea        0x2 
 .text.LL_RCC_LSE_Enable
                0x00000000080004ec       0x24 Core/Src/main.o
 .text.LL_RCC_LSE_EnableBypass
                0x0000000008000510       0x24 Core/Src/main.o
 .text.LL_RCC_LSE_SetDriveCapability
                0x0000000008000534       0x2c Core/Src/main.o
 .text.LL_RCC_LSE_IsReady
                0x0000000008000560       0x28 Core/Src/main.o
 .text.LL_RCC_MSI_Enable
                0x0000000008000588       0x20 Core/Src/main.o
 .text.LL_RCC_MSI_IsReady
                0x00000000080005a8       0x24 Core/Src/main.o
 .text.LL_RCC_MSI_EnablePLLMode
                0x00000000080005cc       0x20 Core/Src/main.o
 .text.LL_RCC_MSI_EnableRangeSelection
                0x00000000080005ec       0x20 Core/Src/main.o
 .text.LL_RCC_MSI_SetRange
                0x000000000800060c       0x28 Core/Src/main.o
 .text.LL_RCC_MSI_SetCalibTrimming
                0x0000000008000634       0x2c Core/Src/main.o
 .text.LL_RCC_SetSysClkSource
                0x0000000008000660       0x28 Core/Src/main.o
 .text.LL_RCC_GetSysClkSource
                0x0000000008000688       0x1c Core/Src/main.o
 .text.LL_RCC_SetAHBPrescaler
                0x00000000080006a4       0x28 Core/Src/main.o
 .text.LL_RCC_SetAPB1Prescaler
                0x00000000080006cc       0x28 Core/Src/main.o
 .text.LL_RCC_SetAPB2Prescaler
                0x00000000080006f4       0x28 Core/Src/main.o
 .text.LL_RCC_SetRTCClockSource
                0x000000000800071c       0x2c Core/Src/main.o
 .text.LL_RCC_EnableRTC
                0x0000000008000748       0x24 Core/Src/main.o
 .text.LL_RCC_ForceBackupDomainReset
                0x000000000800076c       0x24 Core/Src/main.o
 .text.LL_RCC_ReleaseBackupDomainReset
                0x0000000008000790       0x24 Core/Src/main.o
 .text.LL_RCC_PLL_Enable
                0x00000000080007b4       0x20 Core/Src/main.o
 .text.LL_RCC_PLL_IsReady
                0x00000000080007d4       0x28 Core/Src/main.o
 .text.LL_RCC_PLL_ConfigDomain_SYS
                0x00000000080007fc       0x40 Core/Src/main.o
 .text.LL_RCC_PLL_EnableDomain_SYS
                0x000000000800083c       0x20 Core/Src/main.o
 .text.LL_AHB2_GRP1_EnableClock
                0x000000000800085c       0x30 Core/Src/main.o
 .text.LL_APB1_GRP1_EnableClock
                0x000000000800088c       0x30 Core/Src/main.o
 .text.LL_APB2_GRP1_EnableClock
                0x00000000080008bc       0x30 Core/Src/main.o
 .text.LL_FLASH_SetLatency
                0x00000000080008ec       0x28 Core/Src/main.o
 .text.LL_FLASH_GetLatency
                0x0000000008000914       0x1c Core/Src/main.o
 .text.LL_EXTI_EnableIT_0_31
                0x0000000008000930       0x24 Core/Src/main.o
 .text.LL_EXTI_EnableRisingTrig_0_31
                0x0000000008000954       0x24 Core/Src/main.o
 .text.LL_EXTI_ClearFlag_0_31
                0x0000000008000978       0x20 Core/Src/main.o
 .text.LL_SYSTICK_EnableIT
                0x0000000008000998       0x20 Core/Src/main.o
 .text.LL_SYSTICK_IsEnabledIT
                0x00000000080009b8       0x24 Core/Src/main.o
 .text.LL_LPM_EnableSleep
                0x00000000080009dc       0x20 Core/Src/main.o
 .text.LL_PWR_EnableLowPowerRunMode
                0x00000000080009fc       0x20 Core/Src/main.o
 .text.LL_PWR_EnterLowPowerRunMode
                0x0000000008000a1c        0xc Core/Src/main.o
 .text.LL_PWR_IsEnabledLowPowerRunMode
                0x0000000008000a28       0x28 Core/Src/main.o
 .text.LL_PWR_SetRegulVoltageScaling
                0x0000000008000a50       0x28 Core/Src/main.o
 .text.LL_PWR_EnableBkUpAccess
                0x0000000008000a78       0x20 Core/Src/main.o
 .text.LL_PWR_SetPowerMode
                0x0000000008000a98       0x28 Core/Src/main.o
 .text.LL_PWR_EnableInternWU
                0x0000000008000ac0       0x20 Core/Src/main.o
 .text.LL_RTC_EnableInitMode
                0x0000000008000ae0       0x1c Core/Src/main.o
 .text.LL_RTC_DisableInitMode
                0x0000000008000afc       0x1c Core/Src/main.o
 .text.LL_RTC_EnableWriteProtection
                0x0000000008000b18       0x1a Core/Src/main.o
 .text.LL_RTC_DisableWriteProtection
                0x0000000008000b32       0x20 Core/Src/main.o
 .text.LL_RTC_WAKEUP_Enable
                0x0000000008000b52       0x20 Core/Src/main.o
 .text.LL_RTC_WAKEUP_Disable
                0x0000000008000b72       0x20 Core/Src/main.o
 .text.LL_RTC_WAKEUP_SetClock
                0x0000000008000b92       0x26 Core/Src/main.o
 .text.LL_RTC_WAKEUP_SetAutoReload
                0x0000000008000bb8       0x26 Core/Src/main.o
 .text.LL_RTC_ClearFlag_WUT
                0x0000000008000bde       0x22 Core/Src/main.o
 .text.LL_RTC_IsActiveFlag_INIT
                0x0000000008000c00       0x26 Core/Src/main.o
 .text.LL_RTC_IsActiveFlag_WUTW
                0x0000000008000c26       0x26 Core/Src/main.o
 .text.LL_RTC_EnableIT_WUT
                0x0000000008000c4c       0x20 Core/Src/main.o
 .text.LL_GPIO_ResetOutputPin
                0x0000000008000c6c       0x1c Core/Src/main.o
 .text.LL_TIM_DisableARRPreload
                0x0000000008000c88       0x20 Core/Src/main.o
 .text.LL_TIM_OC_DisableFast
                0x0000000008000ca8       0xa4 Core/Src/main.o
 .text.main     0x0000000008000d4c      0x2b8 Core/Src/main.o
                0x0000000008000d4c                main
 .text.SystemClock_Config_expe1
                0x0000000008001004       0xd4 Core/Src/main.o
                0x0000000008001004                SystemClock_Config_expe1
 .text.SystemClock_Config_expe2
                0x00000000080010d8       0xa8 Core/Src/main.o
                0x00000000080010d8                SystemClock_Config_expe2
 .text.SystemClock_Config_expe3
                0x0000000008001180       0xa8 Core/Src/main.o
                0x0000000008001180                SystemClock_Config_expe3
 .text.SystemClock_Config_expe5_6_7
                0x0000000008001228       0xa8 Core/Src/main.o
                0x0000000008001228                SystemClock_Config_expe5_6_7
 .text.MX_TIM16_Init
                0x00000000080012d0      0x10c Core/Src/main.o
 .text.MX_RTC_Init
                0x00000000080013dc       0xa8 Core/Src/main.o
 .text.MX_GPIO_Init
                0x0000000008001484       0x9c Core/Src/main.o
 .text.Systick_config
                0x0000000008001520       0x48 Core/Src/main.o
                0x0000000008001520                Systick_config
 .text.RTC_wakeup_init
                0x0000000008001568       0x58 Core/Src/main.o
 .text.RTC_wakeup_init_from_standby_or_shutdown
                0x00000000080015c0       0x1a Core/Src/main.o
                0x00000000080015c0                RTC_wakeup_init_from_standby_or_shutdown
 .text.RTC_wakeup_init_from_stop
                0x00000000080015da       0x34 Core/Src/main.o
                0x00000000080015da                RTC_wakeup_init_from_stop
 .text.RTC_WKUP_IRQHandler
                0x000000000800160e       0x10 Core/Src/main.o
                0x000000000800160e                RTC_WKUP_IRQHandler
 *fill*         0x000000000800161e        0x2 
 .text.SysTick_Handler
                0x0000000008001620       0x80 Core/Src/main.o
                0x0000000008001620                SysTick_Handler
 .text.NMI_Handler
                0x00000000080016a0        0xe Core/Src/stm32l4xx_it.o
                0x00000000080016a0                NMI_Handler
 .text.HardFault_Handler
                0x00000000080016ae        0x6 Core/Src/stm32l4xx_it.o
                0x00000000080016ae                HardFault_Handler
 .text.MemManage_Handler
                0x00000000080016b4        0x6 Core/Src/stm32l4xx_it.o
                0x00000000080016b4                MemManage_Handler
 .text.BusFault_Handler
                0x00000000080016ba        0x6 Core/Src/stm32l4xx_it.o
                0x00000000080016ba                BusFault_Handler
 .text.UsageFault_Handler
                0x00000000080016c0        0x6 Core/Src/stm32l4xx_it.o
                0x00000000080016c0                UsageFault_Handler
 .text.SVC_Handler
                0x00000000080016c6        0xe Core/Src/stm32l4xx_it.o
                0x00000000080016c6                SVC_Handler
 .text.DebugMon_Handler
                0x00000000080016d4        0xe Core/Src/stm32l4xx_it.o
                0x00000000080016d4                DebugMon_Handler
 .text.PendSV_Handler
                0x00000000080016e2        0xe Core/Src/stm32l4xx_it.o
                0x00000000080016e2                PendSV_Handler
 .text.SystemInit
                0x00000000080016f0       0x6c Core/Src/system_stm32l4xx.o
                0x00000000080016f0                SystemInit
 .text.Reset_Handler
                0x000000000800175c       0x50 Core/Startup/startup_stm32l476rgtx.o
                0x000000000800175c                Reset_Handler
 .text.Default_Handler
                0x00000000080017ac        0x2 Core/Startup/startup_stm32l476rgtx.o
                0x00000000080017ac                RTC_Alarm_IRQHandler
                0x00000000080017ac                EXTI2_IRQHandler
                0x00000000080017ac                TIM8_TRG_COM_IRQHandler
                0x00000000080017ac                TIM8_CC_IRQHandler
                0x00000000080017ac                TIM1_CC_IRQHandler
                0x00000000080017ac                TSC_IRQHandler
                0x00000000080017ac                TAMP_STAMP_IRQHandler
                0x00000000080017ac                EXTI3_IRQHandler
                0x00000000080017ac                LPTIM2_IRQHandler
                0x00000000080017ac                DFSDM1_FLT1_IRQHandler
                0x00000000080017ac                I2C3_ER_IRQHandler
                0x00000000080017ac                DFSDM1_FLT2_IRQHandler
                0x00000000080017ac                EXTI0_IRQHandler
                0x00000000080017ac                I2C2_EV_IRQHandler
                0x00000000080017ac                CAN1_RX0_IRQHandler
                0x00000000080017ac                FPU_IRQHandler
                0x00000000080017ac                TIM1_UP_TIM16_IRQHandler
                0x00000000080017ac                ADC1_2_IRQHandler
                0x00000000080017ac                SPI1_IRQHandler
                0x00000000080017ac                TIM6_DAC_IRQHandler
                0x00000000080017ac                TIM8_UP_IRQHandler
                0x00000000080017ac                DMA2_Channel2_IRQHandler
                0x00000000080017ac                DMA1_Channel4_IRQHandler
                0x00000000080017ac                SAI2_IRQHandler
                0x00000000080017ac                DFSDM1_FLT3_IRQHandler
                0x00000000080017ac                USART3_IRQHandler
                0x00000000080017ac                DMA1_Channel7_IRQHandler
                0x00000000080017ac                CAN1_RX1_IRQHandler
                0x00000000080017ac                LCD_IRQHandler
                0x00000000080017ac                UART5_IRQHandler
                0x00000000080017ac                ADC3_IRQHandler
                0x00000000080017ac                TIM4_IRQHandler
                0x00000000080017ac                DMA2_Channel1_IRQHandler
                0x00000000080017ac                QUADSPI_IRQHandler
                0x00000000080017ac                I2C1_EV_IRQHandler
                0x00000000080017ac                DMA1_Channel6_IRQHandler
                0x00000000080017ac                UART4_IRQHandler
                0x00000000080017ac                DMA2_Channel4_IRQHandler
                0x00000000080017ac                TIM3_IRQHandler
                0x00000000080017ac                RCC_IRQHandler
                0x00000000080017ac                DMA1_Channel1_IRQHandler
                0x00000000080017ac                Default_Handler
                0x00000000080017ac                DMA2_Channel7_IRQHandler
                0x00000000080017ac                EXTI15_10_IRQHandler
                0x00000000080017ac                TIM7_IRQHandler
                0x00000000080017ac                SDMMC1_IRQHandler
                0x00000000080017ac                TIM5_IRQHandler
                0x00000000080017ac                I2C3_EV_IRQHandler
                0x00000000080017ac                EXTI9_5_IRQHandler
                0x00000000080017ac                PVD_PVM_IRQHandler
                0x00000000080017ac                SPI2_IRQHandler
                0x00000000080017ac                CAN1_TX_IRQHandler
                0x00000000080017ac                DMA2_Channel5_IRQHandler
                0x00000000080017ac                DMA1_Channel5_IRQHandler
                0x00000000080017ac                EXTI4_IRQHandler
                0x00000000080017ac                RNG_IRQHandler
                0x00000000080017ac                TIM1_TRG_COM_TIM17_IRQHandler
                0x00000000080017ac                DMA1_Channel3_IRQHandler
                0x00000000080017ac                COMP_IRQHandler
                0x00000000080017ac                WWDG_IRQHandler
                0x00000000080017ac                LPUART1_IRQHandler
                0x00000000080017ac                DMA2_Channel6_IRQHandler
                0x00000000080017ac                TIM2_IRQHandler
                0x00000000080017ac                EXTI1_IRQHandler
                0x00000000080017ac                USART2_IRQHandler
                0x00000000080017ac                DFSDM1_FLT0_IRQHandler
                0x00000000080017ac                I2C2_ER_IRQHandler
                0x00000000080017ac                DMA1_Channel2_IRQHandler
                0x00000000080017ac                TIM8_BRK_IRQHandler
                0x00000000080017ac                CAN1_SCE_IRQHandler
                0x00000000080017ac                FLASH_IRQHandler
                0x00000000080017ac                USART1_IRQHandler
                0x00000000080017ac                OTG_FS_IRQHandler
                0x00000000080017ac                SPI3_IRQHandler
                0x00000000080017ac                I2C1_ER_IRQHandler
                0x00000000080017ac                FMC_IRQHandler
                0x00000000080017ac                SWPMI1_IRQHandler
                0x00000000080017ac                LPTIM1_IRQHandler
                0x00000000080017ac                SAI1_IRQHandler
                0x00000000080017ac                DMA2_Channel3_IRQHandler
                0x00000000080017ac                TIM1_BRK_TIM15_IRQHandler
 .text.LL_GPIO_SetPinMode
                0x00000000080017ae       0x7a Drivers/STM32L4xx_HAL_Driver/Src/stm32l4xx_ll_gpio.o
 .text.LL_GPIO_SetPinOutputType
                0x0000000008001828       0x30 Drivers/STM32L4xx_HAL_Driver/Src/stm32l4xx_ll_gpio.o
 .text.LL_GPIO_SetPinSpeed
                0x0000000008001858       0x7a Drivers/STM32L4xx_HAL_Driver/Src/stm32l4xx_ll_gpio.o
 .text.LL_GPIO_SetPinPull
                0x00000000080018d2       0x7a Drivers/STM32L4xx_HAL_Driver/Src/stm32l4xx_ll_gpio.o
 .text.LL_GPIO_SetAFPin_0_7
                0x000000000800194c       0x7a Drivers/STM32L4xx_HAL_Driver/Src/stm32l4xx_ll_gpio.o
 .text.LL_GPIO_SetAFPin_8_15
                0x00000000080019c6       0x7e Drivers/STM32L4xx_HAL_Driver/Src/stm32l4xx_ll_gpio.o
 .text.LL_GPIO_Init
                0x0000000008001a44       0xec Drivers/STM32L4xx_HAL_Driver/Src/stm32l4xx_ll_gpio.o
                0x0000000008001a44                LL_GPIO_Init
 .text.LL_RTC_SetHourFormat
                0x0000000008001b30       0x26 Drivers/STM32L4xx_HAL_Driver/Src/stm32l4xx_ll_rtc.o
 .text.LL_RTC_EnableInitMode
                0x0000000008001b56       0x1c Drivers/STM32L4xx_HAL_Driver/Src/stm32l4xx_ll_rtc.o
 .text.LL_RTC_DisableInitMode
                0x0000000008001b72       0x1c Drivers/STM32L4xx_HAL_Driver/Src/stm32l4xx_ll_rtc.o
 .text.LL_RTC_SetAsynchPrescaler
                0x0000000008001b8e       0x28 Drivers/STM32L4xx_HAL_Driver/Src/stm32l4xx_ll_rtc.o
 .text.LL_RTC_SetSynchPrescaler
                0x0000000008001bb6       0x2a Drivers/STM32L4xx_HAL_Driver/Src/stm32l4xx_ll_rtc.o
 .text.LL_RTC_EnableWriteProtection
                0x0000000008001be0       0x1a Drivers/STM32L4xx_HAL_Driver/Src/stm32l4xx_ll_rtc.o
 .text.LL_RTC_DisableWriteProtection
                0x0000000008001bfa       0x20 Drivers/STM32L4xx_HAL_Driver/Src/stm32l4xx_ll_rtc.o
 .text.LL_RTC_IsActiveFlag_INIT
                0x0000000008001c1a       0x26 Drivers/STM32L4xx_HAL_Driver/Src/stm32l4xx_ll_rtc.o
 .text.LL_SYSTICK_IsActiveCounterFlag
                0x0000000008001c40       0x28 Drivers/STM32L4xx_HAL_Driver/Src/stm32l4xx_ll_rtc.o
 .text.LL_RTC_Init
                0x0000000008001c68       0x5e Drivers/STM32L4xx_HAL_Driver/Src/stm32l4xx_ll_rtc.o
                0x0000000008001c68                LL_RTC_Init
 .text.LL_RTC_EnterInitMode
                0x0000000008001cc6       0x66 Drivers/STM32L4xx_HAL_Driver/Src/stm32l4xx_ll_rtc.o
                0x0000000008001cc6                LL_RTC_EnterInitMode
 .text.LL_TIM_SetPrescaler
                0x0000000008001d2c       0x1c Drivers/STM32L4xx_HAL_Driver/Src/stm32l4xx_ll_tim.o
 .text.LL_TIM_SetAutoReload
                0x0000000008001d48       0x1c Drivers/STM32L4xx_HAL_Driver/Src/stm32l4xx_ll_tim.o
 .text.LL_TIM_SetRepetitionCounter
                0x0000000008001d64       0x1c Drivers/STM32L4xx_HAL_Driver/Src/stm32l4xx_ll_tim.o
 .text.LL_TIM_OC_SetCompareCH1
                0x0000000008001d80       0x1c Drivers/STM32L4xx_HAL_Driver/Src/stm32l4xx_ll_tim.o
 .text.LL_TIM_OC_SetCompareCH2
                0x0000000008001d9c       0x1c Drivers/STM32L4xx_HAL_Driver/Src/stm32l4xx_ll_tim.o
 .text.LL_TIM_OC_SetCompareCH3
                0x0000000008001db8       0x1c Drivers/STM32L4xx_HAL_Driver/Src/stm32l4xx_ll_tim.o
 .text.LL_TIM_OC_SetCompareCH4
                0x0000000008001dd4       0x1c Drivers/STM32L4xx_HAL_Driver/Src/stm32l4xx_ll_tim.o
 .text.LL_TIM_OC_SetCompareCH5
                0x0000000008001df0       0x20 Drivers/STM32L4xx_HAL_Driver/Src/stm32l4xx_ll_tim.o
 .text.LL_TIM_OC_SetCompareCH6
                0x0000000008001e10       0x1c Drivers/STM32L4xx_HAL_Driver/Src/stm32l4xx_ll_tim.o
 .text.LL_TIM_GenerateEvent_UPDATE
                0x0000000008001e2c       0x20 Drivers/STM32L4xx_HAL_Driver/Src/stm32l4xx_ll_tim.o
 .text.LL_TIM_Init
                0x0000000008001e4c      0x128 Drivers/STM32L4xx_HAL_Driver/Src/stm32l4xx_ll_tim.o
                0x0000000008001e4c                LL_TIM_Init
 .text.LL_TIM_OC_Init
                0x0000000008001f74       0x9a Drivers/STM32L4xx_HAL_Driver/Src/stm32l4xx_ll_tim.o
                0x0000000008001f74                LL_TIM_OC_Init
 *fill*         0x000000000800200e        0x2 
 .text.LL_TIM_BDTR_Init
                0x0000000008002010       0xf4 Drivers/STM32L4xx_HAL_Driver/Src/stm32l4xx_ll_tim.o
                0x0000000008002010                LL_TIM_BDTR_Init
 .text.OC1Config
                0x0000000008002104      0x100 Drivers/STM32L4xx_HAL_Driver/Src/stm32l4xx_ll_tim.o
 .text.OC2Config
                0x0000000008002204      0x108 Drivers/STM32L4xx_HAL_Driver/Src/stm32l4xx_ll_tim.o
 .text.OC3Config
                0x000000000800230c      0x108 Drivers/STM32L4xx_HAL_Driver/Src/stm32l4xx_ll_tim.o
 .text.OC4Config
                0x0000000008002414       0xd8 Drivers/STM32L4xx_HAL_Driver/Src/stm32l4xx_ll_tim.o
 .text.OC5Config
                0x00000000080024ec       0xc8 Drivers/STM32L4xx_HAL_Driver/Src/stm32l4xx_ll_tim.o
 .text.OC6Config
                0x00000000080025b4       0xc8 Drivers/STM32L4xx_HAL_Driver/Src/stm32l4xx_ll_tim.o
 .text.LL_InitTick
                0x000000000800267c       0x34 Drivers/STM32L4xx_HAL_Driver/Src/stm32l4xx_ll_utils.o
 .text.LL_Init1msTick
                0x00000000080026b0       0x1a Drivers/STM32L4xx_HAL_Driver/Src/stm32l4xx_ll_utils.o
                0x00000000080026b0                LL_Init1msTick
 *fill*         0x00000000080026ca        0x2 
 .text.LL_SetSystemCoreClock
                0x00000000080026cc       0x20 Drivers/STM32L4xx_HAL_Driver/Src/stm32l4xx_ll_utils.o
                0x00000000080026cc                LL_SetSystemCoreClock
 .text.__libc_init_array
                0x00000000080026ec       0x48 c:/st/stm32cubeide_1.4.0/stm32cubeide/plugins/com.st.stm32cube.ide.mcu.externaltools.gnu-tools-for-stm32.7-2018-q2-update.win32_1.4.0.202007081208/tools/bin/../lib/gcc/arm-none-eabi/7.3.1/../../../../arm-none-eabi/lib/thumb/v7e-m/fpv4-sp/hard\libc_nano.a(lib_a-init.o)
                0x00000000080026ec                __libc_init_array
 .text.memset   0x0000000008002734       0x10 c:/st/stm32cubeide_1.4.0/stm32cubeide/plugins/com.st.stm32cube.ide.mcu.externaltools.gnu-tools-for-stm32.7-2018-q2-update.win32_1.4.0.202007081208/tools/bin/../lib/gcc/arm-none-eabi/7.3.1/../../../../arm-none-eabi/lib/thumb/v7e-m/fpv4-sp/hard\libc_nano.a(lib_a-memset.o)
                0x0000000008002734                memset
 *(.glue_7)
 .glue_7        0x0000000008002744        0x0 linker stubs
 *(.glue_7t)
 .glue_7t       0x0000000008002744        0x0 linker stubs
 *(.eh_frame)
 .eh_frame      0x0000000008002744        0x0 c:/st/stm32cubeide_1.4.0/stm32cubeide/plugins/com.st.stm32cube.ide.mcu.externaltools.gnu-tools-for-stm32.7-2018-q2-update.win32_1.4.0.202007081208/tools/bin/../lib/gcc/arm-none-eabi/7.3.1/thumb/v7e-m/fpv4-sp/hard/crtbegin.o
 *(.init)
 .init          0x0000000008002744        0x4 c:/st/stm32cubeide_1.4.0/stm32cubeide/plugins/com.st.stm32cube.ide.mcu.externaltools.gnu-tools-for-stm32.7-2018-q2-update.win32_1.4.0.202007081208/tools/bin/../lib/gcc/arm-none-eabi/7.3.1/thumb/v7e-m/fpv4-sp/hard/crti.o
                0x0000000008002744                _init
 .init          0x0000000008002748        0x8 c:/st/stm32cubeide_1.4.0/stm32cubeide/plugins/com.st.stm32cube.ide.mcu.externaltools.gnu-tools-for-stm32.7-2018-q2-update.win32_1.4.0.202007081208/tools/bin/../lib/gcc/arm-none-eabi/7.3.1/thumb/v7e-m/fpv4-sp/hard/crtn.o
 *(.fini)
 .fini          0x0000000008002750        0x4 c:/st/stm32cubeide_1.4.0/stm32cubeide/plugins/com.st.stm32cube.ide.mcu.externaltools.gnu-tools-for-stm32.7-2018-q2-update.win32_1.4.0.202007081208/tools/bin/../lib/gcc/arm-none-eabi/7.3.1/thumb/v7e-m/fpv4-sp/hard/crti.o
                0x0000000008002750                _fini
 .fini          0x0000000008002754        0x8 c:/st/stm32cubeide_1.4.0/stm32cubeide/plugins/com.st.stm32cube.ide.mcu.externaltools.gnu-tools-for-stm32.7-2018-q2-update.win32_1.4.0.202007081208/tools/bin/../lib/gcc/arm-none-eabi/7.3.1/thumb/v7e-m/fpv4-sp/hard/crtn.o
                0x000000000800275c                . = ALIGN (0x4)
                0x000000000800275c                _etext = .

.vfp11_veneer   0x000000000800275c        0x0
 .vfp11_veneer  0x000000000800275c        0x0 linker stubs

.v4_bx          0x000000000800275c        0x0
 .v4_bx         0x000000000800275c        0x0 linker stubs

.iplt           0x000000000800275c        0x0
 .iplt          0x000000000800275c        0x0 c:/st/stm32cubeide_1.4.0/stm32cubeide/plugins/com.st.stm32cube.ide.mcu.externaltools.gnu-tools-for-stm32.7-2018-q2-update.win32_1.4.0.202007081208/tools/bin/../lib/gcc/arm-none-eabi/7.3.1/thumb/v7e-m/fpv4-sp/hard/crtbegin.o

.rodata         0x000000000800275c       0x18
                0x000000000800275c                . = ALIGN (0x4)
 *(.rodata)
 *(.rodata*)
 .rodata.OFFSET_TAB_CCMRx
                0x000000000800275c        0x9 Core/Src/main.o
 *fill*         0x0000000008002765        0x3 
 .rodata.SHIFT_TAB_OCxx
                0x0000000008002768        0x9 Core/Src/main.o
                0x0000000008002774                . = ALIGN (0x4)
 *fill*         0x0000000008002771        0x3 

.rel.dyn        0x0000000008002774        0x0
 .rel.iplt      0x0000000008002774        0x0 c:/st/stm32cubeide_1.4.0/stm32cubeide/plugins/com.st.stm32cube.ide.mcu.externaltools.gnu-tools-for-stm32.7-2018-q2-update.win32_1.4.0.202007081208/tools/bin/../lib/gcc/arm-none-eabi/7.3.1/thumb/v7e-m/fpv4-sp/hard/crtbegin.o

.ARM.extab      0x0000000008002774        0x0
                0x0000000008002774                . = ALIGN (0x4)
 *(.ARM.extab* .gnu.linkonce.armextab.*)
                0x0000000008002774                . = ALIGN (0x4)

.ARM            0x0000000008002774        0x0
                0x0000000008002774                . = ALIGN (0x4)
                0x0000000008002774                __exidx_start = .
 *(.ARM.exidx*)
                0x0000000008002774                __exidx_end = .
                0x0000000008002774                . = ALIGN (0x4)

.preinit_array  0x0000000008002774        0x0
                0x0000000008002774                . = ALIGN (0x4)
                0x0000000008002774                PROVIDE (__preinit_array_start = .)
 *(.preinit_array*)
                0x0000000008002774                PROVIDE (__preinit_array_end = .)
                0x0000000008002774                . = ALIGN (0x4)

.init_array     0x0000000008002774        0x4
                0x0000000008002774                . = ALIGN (0x4)
                0x0000000008002774                PROVIDE (__init_array_start = .)
 *(SORT_BY_NAME(.init_array.*))
 *(.init_array*)
 .init_array    0x0000000008002774        0x4 c:/st/stm32cubeide_1.4.0/stm32cubeide/plugins/com.st.stm32cube.ide.mcu.externaltools.gnu-tools-for-stm32.7-2018-q2-update.win32_1.4.0.202007081208/tools/bin/../lib/gcc/arm-none-eabi/7.3.1/thumb/v7e-m/fpv4-sp/hard/crtbegin.o
                0x0000000008002778                PROVIDE (__init_array_end = .)
                0x0000000008002778                . = ALIGN (0x4)

.fini_array     0x0000000008002778        0x4
                0x0000000008002778                . = ALIGN (0x4)
                [!provide]                        PROVIDE (__fini_array_start = .)
 *(SORT_BY_NAME(.fini_array.*))
 *(.fini_array*)
 .fini_array    0x0000000008002778        0x4 c:/st/stm32cubeide_1.4.0/stm32cubeide/plugins/com.st.stm32cube.ide.mcu.externaltools.gnu-tools-for-stm32.7-2018-q2-update.win32_1.4.0.202007081208/tools/bin/../lib/gcc/arm-none-eabi/7.3.1/thumb/v7e-m/fpv4-sp/hard/crtbegin.o
                [!provide]                        PROVIDE (__fini_array_end = .)
                0x000000000800277c                . = ALIGN (0x4)
                0x000000000800277c                _sidata = LOADADDR (.data)

.data           0x0000000020000000        0x4 load address 0x000000000800277c
                0x0000000020000000                . = ALIGN (0x4)
                0x0000000020000000                _sdata = .
 *(.data)
 *(.data*)
 .data.SystemCoreClock
                0x0000000020000000        0x4 Core/Src/system_stm32l4xx.o
                0x0000000020000000                SystemCoreClock
                0x0000000020000004                . = ALIGN (0x4)
                0x0000000020000004                _edata = .

.igot.plt       0x0000000020000004        0x0 load address 0x0000000008002780
 .igot.plt      0x0000000020000004        0x0 c:/st/stm32cubeide_1.4.0/stm32cubeide/plugins/com.st.stm32cube.ide.mcu.externaltools.gnu-tools-for-stm32.7-2018-q2-update.win32_1.4.0.202007081208/tools/bin/../lib/gcc/arm-none-eabi/7.3.1/thumb/v7e-m/fpv4-sp/hard/crtbegin.o
                0x0000000020000004                . = ALIGN (0x4)

.bss            0x0000000020000004       0x2c load address 0x0000000008002780
                0x0000000020000004                _sbss = .
                0x0000000020000004                __bss_start__ = _sbss
 *(.bss)
 .bss           0x0000000020000004       0x1c c:/st/stm32cubeide_1.4.0/stm32cubeide/plugins/com.st.stm32cube.ide.mcu.externaltools.gnu-tools-for-stm32.7-2018-q2-update.win32_1.4.0.202007081208/tools/bin/../lib/gcc/arm-none-eabi/7.3.1/thumb/v7e-m/fpv4-sp/hard/crtbegin.o
 *(.bss*)
 .bss.blue_mode
                0x0000000020000020        0x4 Core/Src/main.o
                0x0000000020000020                blue_mode
 .bss.counter_systick
                0x0000000020000024        0x4 Core/Src/main.o
                0x0000000020000024                counter_systick
 *(COMMON)
 COMMON         0x0000000020000028        0x8 Core/Src/main.o
                0x0000000020000028                expe
                0x000000002000002c                ticks
                0x0000000020000030                . = ALIGN (0x4)
                0x0000000020000030                _ebss = .
                0x0000000020000030                __bss_end__ = _ebss

._user_heap_stack
                0x0000000020000030      0x600 load address 0x0000000008002780
                0x0000000020000030                . = ALIGN (0x8)
                [!provide]                        PROVIDE (end = .)
                0x0000000020000030                PROVIDE (_end = .)
                0x0000000020000230                . = (. + _Min_Heap_Size)
 *fill*         0x0000000020000030      0x200 
                0x0000000020000630                . = (. + _Min_Stack_Size)
 *fill*         0x0000000020000230      0x400 
                0x0000000020000630                . = ALIGN (0x8)

/DISCARD/
 libc.a(*)
 libm.a(*)
 libgcc.a(*)

.ARM.attributes
                0x0000000000000000       0x30
 *(.ARM.attributes)
 .ARM.attributes
                0x0000000000000000       0x22 c:/st/stm32cubeide_1.4.0/stm32cubeide/plugins/com.st.stm32cube.ide.mcu.externaltools.gnu-tools-for-stm32.7-2018-q2-update.win32_1.4.0.202007081208/tools/bin/../lib/gcc/arm-none-eabi/7.3.1/thumb/v7e-m/fpv4-sp/hard/crti.o
 .ARM.attributes
                0x0000000000000022       0x34 c:/st/stm32cubeide_1.4.0/stm32cubeide/plugins/com.st.stm32cube.ide.mcu.externaltools.gnu-tools-for-stm32.7-2018-q2-update.win32_1.4.0.202007081208/tools/bin/../lib/gcc/arm-none-eabi/7.3.1/thumb/v7e-m/fpv4-sp/hard/crtbegin.o
 .ARM.attributes
                0x0000000000000056       0x39 Core/Src/gpio.o
 .ARM.attributes
                0x000000000000008f       0x39 Core/Src/main.o
 .ARM.attributes
                0x00000000000000c8       0x39 Core/Src/stm32l4xx_it.o
 .ARM.attributes
                0x0000000000000101       0x39 Core/Src/system_stm32l4xx.o
 .ARM.attributes
                0x000000000000013a       0x21 Core/Startup/startup_stm32l476rgtx.o
 .ARM.attributes
                0x000000000000015b       0x39 Drivers/STM32L4xx_HAL_Driver/Src/stm32l4xx_ll_gpio.o
 .ARM.attributes
                0x0000000000000194       0x39 Drivers/STM32L4xx_HAL_Driver/Src/stm32l4xx_ll_rtc.o
 .ARM.attributes
                0x00000000000001cd       0x39 Drivers/STM32L4xx_HAL_Driver/Src/stm32l4xx_ll_tim.o
 .ARM.attributes
                0x0000000000000206       0x39 Drivers/STM32L4xx_HAL_Driver/Src/stm32l4xx_ll_utils.o
 .ARM.attributes
                0x000000000000023f       0x34 c:/st/stm32cubeide_1.4.0/stm32cubeide/plugins/com.st.stm32cube.ide.mcu.externaltools.gnu-tools-for-stm32.7-2018-q2-update.win32_1.4.0.202007081208/tools/bin/../lib/gcc/arm-none-eabi/7.3.1/../../../../arm-none-eabi/lib/thumb/v7e-m/fpv4-sp/hard\libc_nano.a(lib_a-init.o)
 .ARM.attributes
                0x0000000000000273       0x34 c:/st/stm32cubeide_1.4.0/stm32cubeide/plugins/com.st.stm32cube.ide.mcu.externaltools.gnu-tools-for-stm32.7-2018-q2-update.win32_1.4.0.202007081208/tools/bin/../lib/gcc/arm-none-eabi/7.3.1/../../../../arm-none-eabi/lib/thumb/v7e-m/fpv4-sp/hard\libc_nano.a(lib_a-memset.o)
 .ARM.attributes
                0x00000000000002a7       0x22 c:/st/stm32cubeide_1.4.0/stm32cubeide/plugins/com.st.stm32cube.ide.mcu.externaltools.gnu-tools-for-stm32.7-2018-q2-update.win32_1.4.0.202007081208/tools/bin/../lib/gcc/arm-none-eabi/7.3.1/thumb/v7e-m/fpv4-sp/hard/crtn.o
OUTPUT(RENDU.elf elf32-littlearm)

.debug_info     0x0000000000000000     0x62d5
 .debug_info    0x0000000000000000      0x682 Core/Src/gpio.o
 .debug_info    0x0000000000000682     0x1ddd Core/Src/main.o
 .debug_info    0x000000000000245f      0x250 Core/Src/stm32l4xx_it.o
 .debug_info    0x00000000000026af      0x5b4 Core/Src/system_stm32l4xx.o
 .debug_info    0x0000000000002c63       0x22 Core/Startup/startup_stm32l476rgtx.o
 .debug_info    0x0000000000002c85      0xa87 Drivers/STM32L4xx_HAL_Driver/Src/stm32l4xx_ll_gpio.o
 .debug_info    0x000000000000370c      0xe85 Drivers/STM32L4xx_HAL_Driver/Src/stm32l4xx_ll_rtc.o
 .debug_info    0x0000000000004591     0x1123 Drivers/STM32L4xx_HAL_Driver/Src/stm32l4xx_ll_tim.o
 .debug_info    0x00000000000056b4      0xc21 Drivers/STM32L4xx_HAL_Driver/Src/stm32l4xx_ll_utils.o

.debug_abbrev   0x0000000000000000      0xef6
 .debug_abbrev  0x0000000000000000      0x1ee Core/Src/gpio.o
 .debug_abbrev  0x00000000000001ee      0x29b Core/Src/main.o
 .debug_abbrev  0x0000000000000489       0xa3 Core/Src/stm32l4xx_it.o
 .debug_abbrev  0x000000000000052c      0x134 Core/Src/system_stm32l4xx.o
 .debug_abbrev  0x0000000000000660       0x12 Core/Startup/startup_stm32l476rgtx.o
 .debug_abbrev  0x0000000000000672      0x225 Drivers/STM32L4xx_HAL_Driver/Src/stm32l4xx_ll_gpio.o
 .debug_abbrev  0x0000000000000897      0x228 Drivers/STM32L4xx_HAL_Driver/Src/stm32l4xx_ll_rtc.o
 .debug_abbrev  0x0000000000000abf      0x1ff Drivers/STM32L4xx_HAL_Driver/Src/stm32l4xx_ll_tim.o
 .debug_abbrev  0x0000000000000cbe      0x238 Drivers/STM32L4xx_HAL_Driver/Src/stm32l4xx_ll_utils.o

.debug_aranges  0x0000000000000000      0x7d0
 .debug_aranges
                0x0000000000000000       0x60 Core/Src/gpio.o
 .debug_aranges
                0x0000000000000060      0x278 Core/Src/main.o
 .debug_aranges
                0x00000000000002d8       0x58 Core/Src/stm32l4xx_it.o
 .debug_aranges
                0x0000000000000330       0x28 Core/Src/system_stm32l4xx.o
 .debug_aranges
                0x0000000000000358       0x28 Core/Startup/startup_stm32l476rgtx.o
 .debug_aranges
                0x0000000000000380       0x70 Drivers/STM32L4xx_HAL_Driver/Src/stm32l4xx_ll_gpio.o
 .debug_aranges
                0x00000000000003f0      0x160 Drivers/STM32L4xx_HAL_Driver/Src/stm32l4xx_ll_rtc.o
 .debug_aranges
                0x0000000000000550      0x148 Drivers/STM32L4xx_HAL_Driver/Src/stm32l4xx_ll_tim.o
 .debug_aranges
                0x0000000000000698      0x138 Drivers/STM32L4xx_HAL_Driver/Src/stm32l4xx_ll_utils.o

.debug_ranges   0x0000000000000000      0x748
 .debug_ranges  0x0000000000000000       0x50 Core/Src/gpio.o
 .debug_ranges  0x0000000000000050      0x268 Core/Src/main.o
 .debug_ranges  0x00000000000002b8       0x48 Core/Src/stm32l4xx_it.o
 .debug_ranges  0x0000000000000300       0x18 Core/Src/system_stm32l4xx.o
 .debug_ranges  0x0000000000000318       0x20 Core/Startup/startup_stm32l476rgtx.o
 .debug_ranges  0x0000000000000338       0x60 Drivers/STM32L4xx_HAL_Driver/Src/stm32l4xx_ll_gpio.o
 .debug_ranges  0x0000000000000398      0x150 Drivers/STM32L4xx_HAL_Driver/Src/stm32l4xx_ll_rtc.o
 .debug_ranges  0x00000000000004e8      0x138 Drivers/STM32L4xx_HAL_Driver/Src/stm32l4xx_ll_tim.o
 .debug_ranges  0x0000000000000620      0x128 Drivers/STM32L4xx_HAL_Driver/Src/stm32l4xx_ll_utils.o

.debug_macro    0x0000000000000000    0x203c3
 .debug_macro   0x0000000000000000      0x102 Core/Src/gpio.o
 .debug_macro   0x0000000000000102      0xaa8 Core/Src/gpio.o
 .debug_macro   0x0000000000000baa       0x2e Core/Src/gpio.o
 .debug_macro   0x0000000000000bd8       0x28 Core/Src/gpio.o
 .debug_macro   0x0000000000000c00       0x22 Core/Src/gpio.o
 .debug_macro   0x0000000000000c22       0x8e Core/Src/gpio.o
 .debug_macro   0x0000000000000cb0       0x51 Core/Src/gpio.o
 .debug_macro   0x0000000000000d01       0xef Core/Src/gpio.o
 .debug_macro   0x0000000000000df0       0x6a Core/Src/gpio.o
 .debug_macro   0x0000000000000e5a      0x1df Core/Src/gpio.o
 .debug_macro   0x0000000000001039       0x1c Core/Src/gpio.o
 .debug_macro   0x0000000000001055       0x22 Core/Src/gpio.o
 .debug_macro   0x0000000000001077      0x101 Core/Src/gpio.o
 .debug_macro   0x0000000000001178     0x1011 Core/Src/gpio.o
 .debug_macro   0x0000000000002189      0x11f Core/Src/gpio.o
 .debug_macro   0x00000000000022a8    0x1a13d Core/Src/gpio.o
 .debug_macro   0x000000000001c3e5       0x43 Core/Src/gpio.o
 .debug_macro   0x000000000001c428      0x1b9 Core/Src/gpio.o
 .debug_macro   0x000000000001c5e1      0x16a Core/Src/gpio.o
 .debug_macro   0x000000000001c74b      0x14e Core/Src/main.o
 .debug_macro   0x000000000001c899      0x716 Core/Src/main.o
 .debug_macro   0x000000000001cfaf      0x1bf Core/Src/main.o
 .debug_macro   0x000000000001d16e      0x2f5 Core/Src/main.o
 .debug_macro   0x000000000001d463      0x164 Core/Src/main.o
 .debug_macro   0x000000000001d5c7      0x1a7 Core/Src/main.o
 .debug_macro   0x000000000001d76e       0xa7 Core/Src/main.o
 .debug_macro   0x000000000001d815      0x208 Core/Src/main.o
 .debug_macro   0x000000000001da1d      0x2cb Core/Src/main.o
 .debug_macro   0x000000000001dce8      0x4e5 Core/Src/main.o
 .debug_macro   0x000000000001e1cd      0x99f Core/Src/main.o
 .debug_macro   0x000000000001eb6c       0x22 Core/Src/main.o
 .debug_macro   0x000000000001eb8e      0x154 Core/Src/stm32l4xx_it.o
 .debug_macro   0x000000000001ece2       0xd4 Core/Src/system_stm32l4xx.o
 .debug_macro   0x000000000001edb6      0x110 Drivers/STM32L4xx_HAL_Driver/Src/stm32l4xx_ll_gpio.o
 .debug_macro   0x000000000001eec6      0x164 Drivers/STM32L4xx_HAL_Driver/Src/stm32l4xx_ll_gpio.o
 .debug_macro   0x000000000001f02a      0x16a Drivers/STM32L4xx_HAL_Driver/Src/stm32l4xx_ll_rtc.o
 .debug_macro   0x000000000001f194      0x4df Drivers/STM32L4xx_HAL_Driver/Src/stm32l4xx_ll_rtc.o
 .debug_macro   0x000000000001f673      0x177 Drivers/STM32L4xx_HAL_Driver/Src/stm32l4xx_ll_tim.o
 .debug_macro   0x000000000001f7ea      0x999 Drivers/STM32L4xx_HAL_Driver/Src/stm32l4xx_ll_tim.o
 .debug_macro   0x0000000000020183      0x19f Drivers/STM32L4xx_HAL_Driver/Src/stm32l4xx_ll_utils.o
 .debug_macro   0x0000000000020322       0xa1 Drivers/STM32L4xx_HAL_Driver/Src/stm32l4xx_ll_utils.o

.debug_line     0x0000000000000000     0x416c
 .debug_line    0x0000000000000000      0x598 Core/Src/gpio.o
 .debug_line    0x0000000000000598      0xe5b Core/Src/main.o
 .debug_line    0x00000000000013f3      0x63f Core/Src/stm32l4xx_it.o
 .debug_line    0x0000000000001a32      0x496 Core/Src/system_stm32l4xx.o
 .debug_line    0x0000000000001ec8       0x87 Core/Startup/startup_stm32l476rgtx.o
 .debug_line    0x0000000000001f4f      0x6a8 Drivers/STM32L4xx_HAL_Driver/Src/stm32l4xx_ll_gpio.o
 .debug_line    0x00000000000025f7      0x8c9 Drivers/STM32L4xx_HAL_Driver/Src/stm32l4xx_ll_rtc.o
 .debug_line    0x0000000000002ec0      0x9ba Drivers/STM32L4xx_HAL_Driver/Src/stm32l4xx_ll_tim.o
 .debug_line    0x000000000000387a      0x8f2 Drivers/STM32L4xx_HAL_Driver/Src/stm32l4xx_ll_utils.o

.debug_str      0x0000000000000000    0xb3b15
 .debug_str     0x0000000000000000    0x9f88b Core/Src/gpio.o
                                      0x9fa54 (size before relaxing)
 .debug_str     0x000000000009f88b    0x1052b Core/Src/main.o
                                      0xb0016 (size before relaxing)
 .debug_str     0x00000000000afdb6       0xad Core/Src/stm32l4xx_it.o
                                      0xaeca7 (size before relaxing)
 .debug_str     0x00000000000afe63       0x7f Core/Src/system_stm32l4xx.o
                                      0x9e636 (size before relaxing)
 .debug_str     0x00000000000afee2       0x36 Core/Startup/startup_stm32l476rgtx.o
                                         0x87 (size before relaxing)
 .debug_str     0x00000000000aff18      0x66a Drivers/STM32L4xx_HAL_Driver/Src/stm32l4xx_ll_gpio.o
                                      0xa0017 (size before relaxing)
 .debug_str     0x00000000000b0582      0xccd Drivers/STM32L4xx_HAL_Driver/Src/stm32l4xx_ll_rtc.o
                                      0xa1be1 (size before relaxing)
 .debug_str     0x00000000000b124f     0x1b0a Drivers/STM32L4xx_HAL_Driver/Src/stm32l4xx_ll_tim.o
                                      0xa5bde (size before relaxing)
 .debug_str     0x00000000000b2d59      0xdbc Drivers/STM32L4xx_HAL_Driver/Src/stm32l4xx_ll_utils.o
                                      0xa52fc (size before relaxing)

.comment        0x0000000000000000       0x7b
 .comment       0x0000000000000000       0x7b Core/Src/gpio.o
                                         0x7c (size before relaxing)
 .comment       0x000000000000007b       0x7c Core/Src/main.o
 .comment       0x000000000000007b       0x7c Core/Src/stm32l4xx_it.o
 .comment       0x000000000000007b       0x7c Core/Src/system_stm32l4xx.o
 .comment       0x000000000000007b       0x7c Drivers/STM32L4xx_HAL_Driver/Src/stm32l4xx_ll_gpio.o
 .comment       0x000000000000007b       0x7c Drivers/STM32L4xx_HAL_Driver/Src/stm32l4xx_ll_rtc.o
 .comment       0x000000000000007b       0x7c Drivers/STM32L4xx_HAL_Driver/Src/stm32l4xx_ll_tim.o
 .comment       0x000000000000007b       0x7c Drivers/STM32L4xx_HAL_Driver/Src/stm32l4xx_ll_utils.o

.debug_frame    0x0000000000000000     0x20a0
 .debug_frame   0x0000000000000000      0x15c Core/Src/gpio.o
 .debug_frame   0x000000000000015c      0xab8 Core/Src/main.o
 .debug_frame   0x0000000000000c14       0xf0 Core/Src/stm32l4xx_it.o
 .debug_frame   0x0000000000000d04       0x58 Core/Src/system_stm32l4xx.o
 .debug_frame   0x0000000000000d5c      0x1c0 Drivers/STM32L4xx_HAL_Driver/Src/stm32l4xx_ll_gpio.o
 .debug_frame   0x0000000000000f1c      0x66c Drivers/STM32L4xx_HAL_Driver/Src/stm32l4xx_ll_rtc.o
 .debug_frame   0x0000000000001588      0x5d0 Drivers/STM32L4xx_HAL_Driver/Src/stm32l4xx_ll_tim.o
 .debug_frame   0x0000000000001b58      0x4fc Drivers/STM32L4xx_HAL_Driver/Src/stm32l4xx_ll_utils.o
 .debug_frame   0x0000000000002054       0x2c c:/st/stm32cubeide_1.4.0/stm32cubeide/plugins/com.st.stm32cube.ide.mcu.externaltools.gnu-tools-for-stm32.7-2018-q2-update.win32_1.4.0.202007081208/tools/bin/../lib/gcc/arm-none-eabi/7.3.1/../../../../arm-none-eabi/lib/thumb/v7e-m/fpv4-sp/hard\libc_nano.a(lib_a-init.o)
 .debug_frame   0x0000000000002080       0x20 c:/st/stm32cubeide_1.4.0/stm32cubeide/plugins/com.st.stm32cube.ide.mcu.externaltools.gnu-tools-for-stm32.7-2018-q2-update.win32_1.4.0.202007081208/tools/bin/../lib/gcc/arm-none-eabi/7.3.1/../../../../arm-none-eabi/lib/thumb/v7e-m/fpv4-sp/hard\libc_nano.a(lib_a-memset.o)
