core_cm4.h:1648:22:__NVIC_SetPriorityGrouping	24	static
core_cm4.h:1667:26:__NVIC_GetPriorityGrouping	4	static
core_cm4.h:1679:22:__NVIC_EnableIRQ	16	static,ignoring_inline_asm
core_cm4.h:1809:22:__NVIC_SetPriority	16	static
core_cm4.h:1856:26:NVIC_EncodePriority	40	static
stm32l4xx_ll_rcc.h:2270:22:LL_RCC_LSE_Enable	4	static
stm32l4xx_ll_rcc.h:2290:22:LL_RCC_LSE_EnableBypass	4	static
stm32l4xx_ll_rcc.h:2316:22:LL_RCC_LSE_SetDriveCapability	16	static
stm32l4xx_ll_rcc.h:2362:26:LL_RCC_LSE_IsReady	4	static
stm32l4xx_ll_rcc.h:2489:22:LL_RCC_MSI_Enable	4	static
stm32l4xx_ll_rcc.h:2509:26:LL_RCC_MSI_IsReady	4	static
stm32l4xx_ll_rcc.h:2523:22:LL_RCC_MSI_EnablePLLMode	4	static
stm32l4xx_ll_rcc.h:2548:22:LL_RCC_MSI_EnableRangeSelection	4	static
stm32l4xx_ll_rcc.h:2581:22:LL_RCC_MSI_SetRange	16	static
stm32l4xx_ll_rcc.h:2656:22:LL_RCC_MSI_SetCalibTrimming	16	static
stm32l4xx_ll_rcc.h:2742:22:LL_RCC_SetSysClkSource	16	static
stm32l4xx_ll_rcc.h:2756:26:LL_RCC_GetSysClkSource	4	static
stm32l4xx_ll_rcc.h:2776:22:LL_RCC_SetAHBPrescaler	16	static
stm32l4xx_ll_rcc.h:2792:22:LL_RCC_SetAPB1Prescaler	16	static
stm32l4xx_ll_rcc.h:2808:22:LL_RCC_SetAPB2Prescaler	16	static
stm32l4xx_ll_rcc.h:3650:22:LL_RCC_SetRTCClockSource	16	static
stm32l4xx_ll_rcc.h:3674:22:LL_RCC_EnableRTC	4	static
stm32l4xx_ll_rcc.h:3704:22:LL_RCC_ForceBackupDomainReset	4	static
stm32l4xx_ll_rcc.h:3714:22:LL_RCC_ReleaseBackupDomainReset	4	static
stm32l4xx_ll_rcc.h:3733:22:LL_RCC_PLL_Enable	4	static
stm32l4xx_ll_rcc.h:3754:26:LL_RCC_PLL_IsReady	4	static
stm32l4xx_ll_rcc.h:3800:22:LL_RCC_PLL_ConfigDomain_SYS	24	static
stm32l4xx_ll_rcc.h:4178:22:LL_RCC_PLL_EnableDomain_SYS	4	static
stm32l4xx_ll_bus.h:565:22:LL_AHB2_GRP1_EnableClock	24	static
stm32l4xx_ll_bus.h:1089:22:LL_APB1_GRP1_EnableClock	24	static
stm32l4xx_ll_bus.h:1675:22:LL_APB2_GRP1_EnableClock	24	static
stm32l4xx_ll_system.h:1400:22:LL_FLASH_SetLatency	16	static
stm32l4xx_ll_system.h:1428:26:LL_FLASH_GetLatency	4	static
stm32l4xx_ll_exti.h:306:22:LL_EXTI_EnableIT_0_31	16	static
stm32l4xx_ll_exti.h:739:22:LL_EXTI_EnableRisingTrig_0_31	16	static
stm32l4xx_ll_exti.h:1299:22:LL_EXTI_ClearFlag_0_31	16	static
stm32l4xx_ll_cortex.h:272:22:LL_SYSTICK_EnableIT	4	static
stm32l4xx_ll_cortex.h:292:26:LL_SYSTICK_IsEnabledIT	4	static
stm32l4xx_ll_cortex.h:310:22:LL_LPM_EnableSleep	4	static
stm32l4xx_ll_pwr.h:290:22:LL_PWR_EnableLowPowerRunMode	4	static
stm32l4xx_ll_pwr.h:310:22:LL_PWR_EnterLowPowerRunMode	8	static
stm32l4xx_ll_pwr.h:330:26:LL_PWR_IsEnabledLowPowerRunMode	4	static
stm32l4xx_ll_pwr.h:344:22:LL_PWR_SetRegulVoltageScaling	16	static
stm32l4xx_ll_pwr.h:398:22:LL_PWR_EnableBkUpAccess	4	static
stm32l4xx_ll_pwr.h:434:22:LL_PWR_SetPowerMode	16	static
stm32l4xx_ll_pwr.h:714:22:LL_PWR_EnableInternWU	4	static
stm32l4xx_ll_rtc.h:1118:22:LL_RTC_EnableInitMode	16	static
stm32l4xx_ll_rtc.h:1130:22:LL_RTC_DisableInitMode	16	static
stm32l4xx_ll_rtc.h:1355:22:LL_RTC_EnableWriteProtection	16	static
stm32l4xx_ll_rtc.h:1366:22:LL_RTC_DisableWriteProtection	16	static
stm32l4xx_ll_rtc.h:3147:22:LL_RTC_WAKEUP_Enable	16	static
stm32l4xx_ll_rtc.h:3159:22:LL_RTC_WAKEUP_Disable	16	static
stm32l4xx_ll_rtc.h:3190:22:LL_RTC_WAKEUP_SetClock	16	static
stm32l4xx_ll_rtc.h:3220:22:LL_RTC_WAKEUP_SetAutoReload	16	static
stm32l4xx_ll_rtc.h:5106:22:LL_RTC_ClearFlag_WUT	16	static
stm32l4xx_ll_rtc.h:5140:26:LL_RTC_IsActiveFlag_INIT	16	static
stm32l4xx_ll_rtc.h:5196:26:LL_RTC_IsActiveFlag_WUTW	16	static
stm32l4xx_ll_rtc.h:5264:22:LL_RTC_EnableIT_WUT	16	static
stm32l4xx_ll_gpio.h:986:22:LL_GPIO_ResetOutputPin	16	static
stm32l4xx_ll_tim.h:1606:22:LL_TIM_DisableARRPreload	16	static
stm32l4xx_ll_tim.h:2309:22:LL_TIM_OC_DisableFast	24	static
main.c:80:5:main	8	static,ignoring_inline_asm
main.c:271:6:SystemClock_Config_expe1	8	static
main.c:330:6:SystemClock_Config_expe2	8	static
main.c:378:6:SystemClock_Config_expe3	8	static
main.c:426:6:SystemClock_Config_expe5_6_7	8	static
main.c:478:13:MX_TIM16_Init	128	static
main.c:543:13:MX_RTC_Init	24	static
main.c:593:13:MX_GPIO_Init	32	static
main.c:636:6:Systick_config	16	static
main.c:654:13:RTC_wakeup_init	16	static
main.c:672:6:RTC_wakeup_init_from_standby_or_shutdown	16	static
main.c:684:6:RTC_wakeup_init_from_stop	16	static
main.c:696:6:RTC_WKUP_IRQHandler	8	static
main.c:701:6:SysTick_Handler	8	static
main.c:738:6:Error_Handler	4	static
